  [librdi_filemgmt.dll+0x342db5]
#
# No core dump will be written. Minidumps are not enabled by default on client versions of Windows
#
# An error report file with more information is saved as:
# f:\cpu-design\lab2\miniRV_pipeline_axi\hs_err_pid19740.log
srcscan starts
F:/cpu-design/lab2/miniRV_pipeline_axi/src/rtl/ALU.v(3): INFO: Compiling verilog file "F:/cpu-design/lab2/miniRV_pipeline_axi/src/rtl/defines.vh" included at line 3. (VERI-9003)
F:/cpu-design/lab2/miniRV_pipeline_axi/src/rtl/ALU.v(3): INFO: back to file 'F:/cpu-design/lab2/miniRV_pipeline_axi/src/rtl/ALU.v' (VERI-2320)
INFO: analyzing module ALU (VERI-9002)
F:/cpu-design/lab2/miniRV_pipeline_axi/src/rtl/Controller.v(3): INFO: Compiling verilog file "F:/cpu-design/lab2/miniRV_pipeline_axi/src/rtl/defines.vh" included at line 3. (VERI-9003)
F:/cpu-design/lab2/miniRV_pipeline_axi/src/rtl/Controller.v(3): INFO: back to file 'F:/cpu-design/lab2/miniRV_pipeline_axi/src/rtl/Controller.v' (VERI-2320)
INFO: analyzing module Controller (VERI-9002)
F:/cpu-design/lab2/miniRV_pipeline_axi/src/rtl/DCache.v(3): INFO: Compiling verilog file "F:/cpu-design/lab2/miniRV_pipeline_axi/src/rtl/defines.vh" included at line 3. (VERI-9003)
F:/cpu-design/lab2/miniRV_pipeline_axi/src/rtl/DCache.v(3): INFO: back to file 'F:/cpu-design/lab2/miniRV_pipeline_axi/src/rtl/DCache.v' (VERI-2320)
INFO: analyzing module DCache (VERI-9002)
F:/cpu-design/lab2/miniRV_pipeline_axi/src/rtl/ICache.v(3): INFO: Compiling verilog file "F:/cpu-design/lab2/miniRV_pipeline_axi/src/rtl/defines.vh" included at line 3. (VERI-9003)
F:/cpu-design/lab2/miniRV_pipeline_axi/src/rtl/ICache.v(3): INFO: back to file 'F:/cpu-design/lab2/miniRV_pipeline_axi/src/rtl/ICache.v' (VERI-2320)
INFO: analyzing module ICache (VERI-9002)
F:/cpu-design/lab2/miniRV_pipeline_axi/src/rtl/MEXT.v(3): INFO: Compiling verilog file "F:/cpu-design/lab2/miniRV_pipeline_axi/src/rtl/defines.vh" included at line 3. (VERI-9003)
F:/cpu-design/lab2/miniRV_pipeline_axi/src/rtl/MEXT.v(3): INFO: back to file 'F:/cpu-design/lab2/miniRV_pipeline_axi/src/rtl/MEXT.v' (VERI-2320)
INFO: analyzing module MEXT (VERI-9002)
F:/cpu-design/lab2/miniRV_pipeline_axi/src/rtl/MREQ.v(3): INFO: Compiling verilog file "F:/cpu-design/lab2/miniRV_pipeline_axi/src/rtl/defines.vh" included at line 3. (VERI-9003)
F:/cpu-design/lab2/miniRV_pipeline_axi/src/rtl/MREQ.v(3): INFO: back to file 'F:/cpu-design/lab2/miniRV_pipeline_axi/src/rtl/MREQ.v' (VERI-2320)
INFO: analyzing module MREQ (VERI-9002)
INFO: analyzing module RF (VERI-9002)
F:/cpu-design/lab2/miniRV_pipeline_axi/src/rtl/SEXT.v(3): INFO: Compiling verilog file "F:/cpu-design/lab2/miniRV_pipeline_axi/src/rtl/defines.vh" included at line 3. (VERI-9003)
F:/cpu-design/lab2/miniRV_pipeline_axi/src/rtl/SEXT.v(3): INFO: back to file 'F:/cpu-design/lab2/miniRV_pipeline_axi/src/rtl/SEXT.v' (VERI-2320)
INFO: analyzing module SEXT (VERI-9002)
F:/cpu-design/lab2/miniRV_pipeline_axi/src/rtl/axi_master.v(3): INFO: Compiling verilog file "F:/cpu-design/lab2/miniRV_pipeline_axi/src/rtl/defines.vh" included at line 3. (VERI-9003)
F:/cpu-design/lab2/miniRV_pipeline_axi/src/rtl/axi_master.v(3): INFO: back to file 'F:/cpu-design/lab2/miniRV_pipeline_axi/src/rtl/axi_master.v' (VERI-2320)
INFO: analyzing module axi_master (VERI-9002)
F:/cpu-design/lab2/miniRV_pipeline_axi/src/rtl/cpu_core.v(3): INFO: Compiling verilog file "F:/cpu-design/lab2/miniRV_pipeline_axi/src/rtl/defines.vh" included at line 3. (VERI-9003)
F:/cpu-design/lab2/miniRV_pipeline_axi/src/rtl/cpu_core.v(3): INFO: back to file 'F:/cpu-design/lab2/miniRV_pipeline_axi/src/rtl/cpu_core.v' (VERI-2320)
INFO: analyzing module cpu_core (VERI-9002)
F:/cpu-design/lab2/miniRV_pipeline_axi/src/rtl/cpu_top.v(3): INFO: Compiling verilog file "F:/cpu-design/lab2/miniRV_pipeline_axi/src/rtl/defines.vh" included at line 3. (VERI-9003)
F:/cpu-design/lab2/miniRV_pipeline_axi/src/rtl/cpu_top.v(3): INFO: back to file 'F:/cpu-design/lab2/miniRV_pipeline_axi/src/rtl/cpu_top.v' (VERI-2320)
INFO: analyzing module cpu_top (VERI-9002)
INFO: analyzing module divider (VERI-9002)
INFO: analyzing module multiplier (VERI-9002)
C:/Users/CCCAIB~1/AppData/Local/Temp/VivadoEditorAssist16476390995521273645.tmp(3): INFO: Compiling verilog file "F:/cpu-design/lab2/miniRV_pipeline_axi/src/rtl/defines.vh" included at line 3. (VERI-9003)
C:/Users/CCCAIB~1/AppData/Local/Temp/VivadoEditorAssist16476390995521273645.tmp(3): INFO: back to file 'C:/Users/CCCAIB~1/AppData/Local/Temp/VivadoEditorAssist16476390995521273645.tmp' (VERI-2320)
INFO: analyzing module miniRV_SoC (VERI-9002)
F:/cpu-design/lab2/miniRV_pipeline_axi/src/rtl/Data_RAM.v(3): INFO: Compiling verilog file "F:/cpu-design/lab2/miniRV_pipeline_axi/src/rtl/defines.vh" included at line 3. (VERI-9003)
F:/cpu-design/lab2/miniRV_pipeline_axi/src/rtl/Data_RAM.v(3): INFO: back to file 'F:/cpu-design/lab2/miniRV_pipeline_axi/src/rtl/Data_RAM.v' (VERI-2320)
INFO: analyzing module Data_RAM (VERI-9002)
F:/cpu-design/lab2/miniRV_pipeline_axi/src/rtl/Inst_ROM.v(3): INFO: Compiling verilog file "F:/cpu-design/lab2/miniRV_pipeline_axi/src/rtl/defines.vh" included at line 3. (VERI-9003)
F:/cpu-design/lab2/miniRV_pipeline_axi/src/rtl/Inst_ROM.v(3): INFO: back to file 'F:/cpu-design/lab2/miniRV_pipeline_axi/src/rtl/Inst_ROM.v' (VERI-2320)
INFO: analyzing module Inst_ROM (VERI-9002)
F:/cpu-design/lab2/miniRV_pipeline_axi/src/rtl/NPC.v(3): INFO: Compiling verilog file "F:/cpu-design/lab2/miniRV_pipeline_axi/src/rtl/defines.vh" included at line 3. (VERI-9003)
F:/cpu-design/lab2/miniRV_pipeline_axi/src/rtl/NPC.v(3): INFO: back to file 'F:/cpu-design/lab2/miniRV_pipeline_axi/src/rtl/NPC.v' (VERI-2320)
INFO: analyzing module NPC (VERI-9002)
INFO: analyzing module PC (VERI-9002)
srcscan exits with return value 0
